---
source: example/src/repetitions.rs
expression: "grammar2::parse(\"1\")"
---
Ok(
    NumberList {
        numbers: Spanned {
            value: [
                Spanned {
                    value: Number {
                        v: 1,
                    },
                    span: Some(
                        (
                            0,
                            1,
                        ),
                    ),
                },
            ],
            span: Some(
                (
                    0,
                    1,
                ),
            ),
        },
    },
)
