---
source: example/src/repetitions.rs
expression: "grammar3::parse(\"1, 2\")"
---
Ok(
    NumberList {
        numbers: Spanned {
            value: [
                Spanned {
                    value: Some(
                        1,
                    ),
                    span: (
                        0,
                        1,
                    ),
                },
                Spanned {
                    value: Some(
                        2,
                    ),
                    span: (
                        3,
                        4,
                    ),
                },
            ],
            span: (
                0,
                4,
            ),
        },
        metadata: 123,
    },
)
