---
source: example/src/arithmetic.rs
expression: "grammar::parse(\"1 - 2 -\")"
---
Err(
    [
        ParseError {
            reason: MissingToken(
                "Expression_Number_0",
            ),
            start: 7,
            end: 7,
        },
    ],
)
