---
source: example/src/repetitions.rs
expression: "grammar::parse(\"1\")"
---
Ok(
    NumberList {
        numbers: Spanned {
            value: [
                Spanned {
                    value: Number {
                        v: 1,
                    },
                    span: (
                        0,
                        1,
                    ),
                },
            ],
            span: (
                0,
                1,
            ),
        },
    },
)
