---
source: example/src/partial_handles.rs
assertion_line: 131
expression: "grammar::parse(\"1 - 2 -\")"
---
Err(
    [
        ParseError {
            reason: MissingToken(
                "Expression_Number_0",
            ),
            start: 7,
            end: 7,
        },
    ],
)
