---
source: example/src/repetitions.rs
expression: "grammar2::parse(\"\")"
---
Ok(
    NumberList {
        numbers: Spanned {
            value: [],
            span: (
                0,
                0,
            ),
        },
    },
)
