---
source: tool/src/lib.rs
expression: grammar
---
{"name":"test","rules":{"source_file":{"type":"SEQ","members":[{"type":"CHOICE","members":[{"type":"BLANK"},{"type":"FIELD","name":"v","content":{"type":"SYMBOL","name":"Language_v"}}]},{"type":"FIELD","name":"space","content":{"type":"SYMBOL","name":"Language_space"}},{"type":"CHOICE","members":[{"type":"BLANK"},{"type":"FIELD","name":"t","content":{"type":"SYMBOL","name":"Number"}}]}]},"Language_v":{"type":"PATTERN","value":"\\d+"},"Language_space":{"type":"PATTERN","value":" "},"Language":{"type":"SEQ","members":[{"type":"CHOICE","members":[{"type":"BLANK"},{"type":"FIELD","name":"v","content":{"type":"SYMBOL","name":"Language_v"}}]},{"type":"FIELD","name":"space","content":{"type":"SYMBOL","name":"Language_space"}},{"type":"CHOICE","members":[{"type":"BLANK"},{"type":"FIELD","name":"t","content":{"type":"SYMBOL","name":"Number"}}]}]},"Number_v":{"type":"PATTERN","value":"\\d+"},"Number":{"type":"SEQ","members":[{"type":"FIELD","name":"v","content":{"type":"SYMBOL","name":"Number_v"}}]}},"extras":[]}
