---
source: tool/src/lib.rs
expression: grammar
---
{"name":"test","word":null,"rules":{"source_file":{"type":"SEQ","members":[{"type":"CHOICE","members":[{"type":"BLANK"},{"type":"FIELD","name":"numbers","content":{"type":"SYMBOL","name":"NumberList_numbers_vec_contents"}}]}]},"NumberList_numbers":{"type":"PATTERN","value":"\\d+"},"NumberList_numbers_vec_contents":{"type":"REPEAT1","content":{"type":"FIELD","name":"NumberList_numbers_vec_element","content":{"type":"SYMBOL","name":"NumberList_numbers"}}},"NumberList":{"type":"SEQ","members":[{"type":"CHOICE","members":[{"type":"BLANK"},{"type":"FIELD","name":"numbers","content":{"type":"SYMBOL","name":"NumberList_numbers_vec_contents"}}]}]},"Whitespace__whitespace":{"type":"PATTERN","value":"\\s"},"Whitespace":{"type":"SEQ","members":[{"type":"FIELD","name":"_whitespace","content":{"type":"SYMBOL","name":"Whitespace__whitespace"}}]}},"extras":[{"type":"SYMBOL","name":"Whitespace"}]}
