---
source: tool/src/lib.rs
expression: grammar
---
{"name":"test","rules":{"source_file":{"type":"SEQ","members":[{"type":"CHOICE","members":[{"type":"BLANK"},{"type":"FIELD","name":"numbers","content":{"type":"SYMBOL","name":"NumberList_numbers_vec_contents"}}]}]},"NumberList_numbers_vec_contents":{"type":"REPEAT1","content":{"type":"FIELD","name":"NumberList_numbers_vec_element","content":{"type":"SYMBOL","name":"Number"}}},"NumberList":{"type":"SEQ","members":[{"type":"CHOICE","members":[{"type":"BLANK"},{"type":"FIELD","name":"numbers","content":{"type":"SYMBOL","name":"NumberList_numbers_vec_contents"}}]}]},"Number_v":{"type":"PATTERN","value":"\\d+"},"Number":{"type":"SEQ","members":[{"type":"FIELD","name":"v","content":{"type":"SYMBOL","name":"Number_v"}}]},"Whitespace__whitespace":{"type":"PATTERN","value":"\\s"},"Whitespace":{"type":"SEQ","members":[{"type":"FIELD","name":"_whitespace","content":{"type":"SYMBOL","name":"Whitespace__whitespace"}}]}},"extras":[{"type":"SYMBOL","name":"Whitespace"}]}
