---
source: tool/src/lib.rs
expression: grammar
---
{"name":"test","word":null,"rules":{"source_file":{"type":"SEQ","members":[{"type":"CHOICE","members":[{"type":"BLANK"},{"type":"FIELD","name":"0","content":{"type":"SYMBOL","name":"Program_0_vec_contents"}}]}]},"Program_0_vec_contents":{"type":"REPEAT1","content":{"type":"FIELD","name":"Program_0_vec_element","content":{"type":"SYMBOL","name":"Statement"}}},"Program":{"type":"SEQ","members":[{"type":"CHOICE","members":[{"type":"BLANK"},{"type":"FIELD","name":"0","content":{"type":"SYMBOL","name":"Program_0_vec_contents"}}]}]},"Statement_ExpressionStatement":{"type":"SEQ","members":[{"type":"FIELD","name":"0","content":{"type":"SYMBOL","name":"ExpressionStatement"}}]},"Statement_IfStatement":{"type":"SEQ","members":[{"type":"FIELD","name":"0","content":{"type":"SYMBOL","name":"IfStatement"}}]},"Statement":{"type":"CHOICE","members":[{"type":"SYMBOL","name":"Statement_ExpressionStatement"},{"type":"SYMBOL","name":"Statement_IfStatement"}]},"Expression_Identifier":{"type":"SEQ","members":[{"type":"FIELD","name":"0","content":{"type":"SYMBOL","name":"Identifier"}}]},"Expression_Number":{"type":"SEQ","members":[{"type":"FIELD","name":"0","content":{"type":"SYMBOL","name":"Number"}}]},"Expression_BinaryExpression":{"type":"SEQ","members":[{"type":"FIELD","name":"0","content":{"type":"SYMBOL","name":"BinaryExpression"}}]},"Expression":{"type":"CHOICE","members":[{"type":"SYMBOL","name":"Expression_Identifier"},{"type":"SYMBOL","name":"Expression_Number"},{"type":"SYMBOL","name":"Expression_BinaryExpression"}]},"BinaryExpression":{"type":"PREC_LEFT","value":1,"content":{"type":"SEQ","members":[{"type":"FIELD","name":"expression","content":{"type":"SYMBOL","name":"Expression"}},{"type":"FIELD","name":"binary_expression_inner","content":{"type":"SYMBOL","name":"BinaryExpressionInner"}},{"type":"FIELD","name":"expression2","content":{"type":"SYMBOL","name":"Expression"}}]}},"BinaryExpressionInner_String_0":{"type":"STRING","value":"+"},"BinaryExpressionInner_String":{"type":"SEQ","members":[{"type":"FIELD","name":"0","content":{"type":"SYMBOL","name":"BinaryExpressionInner_String_0"}}]},"BinaryExpressionInner_String2_0":{"type":"STRING","value":"-"},"BinaryExpressionInner_String2":{"type":"SEQ","members":[{"type":"FIELD","name":"0","content":{"type":"SYMBOL","name":"BinaryExpressionInner_String2_0"}}]},"BinaryExpressionInner_String3_0":{"type":"STRING","value":"*"},"BinaryExpressionInner_String3":{"type":"SEQ","members":[{"type":"FIELD","name":"0","content":{"type":"SYMBOL","name":"BinaryExpressionInner_String3_0"}}]},"BinaryExpressionInner_String4_0":{"type":"STRING","value":"/"},"BinaryExpressionInner_String4":{"type":"SEQ","members":[{"type":"FIELD","name":"0","content":{"type":"SYMBOL","name":"BinaryExpressionInner_String4_0"}}]},"BinaryExpressionInner":{"type":"CHOICE","members":[{"type":"SYMBOL","name":"BinaryExpressionInner_String"},{"type":"SYMBOL","name":"BinaryExpressionInner_String2"},{"type":"SYMBOL","name":"BinaryExpressionInner_String3"},{"type":"SYMBOL","name":"BinaryExpressionInner_String4"}]},"ExpressionStatement__semicolon":{"type":"STRING","value":";"},"ExpressionStatement":{"type":"SEQ","members":[{"type":"FIELD","name":"expression","content":{"type":"SYMBOL","name":"Expression"}},{"type":"FIELD","name":"_semicolon","content":{"type":"SYMBOL","name":"ExpressionStatement__semicolon"}}]},"IfStatement__if":{"type":"STRING","value":"if"},"IfStatement__lparen":{"type":"STRING","value":"("},"IfStatement__rparen":{"type":"STRING","value":")"},"IfStatement__lbrace":{"type":"STRING","value":"{"},"IfStatement__rbrace":{"type":"STRING","value":"}"},"IfStatement":{"type":"PREC_DYNAMIC","value":1,"content":{"type":"SEQ","members":[{"type":"FIELD","name":"_if","content":{"type":"SYMBOL","name":"IfStatement__if"}},{"type":"FIELD","name":"_lparen","content":{"type":"SYMBOL","name":"IfStatement__lparen"}},{"type":"FIELD","name":"expression","content":{"type":"SYMBOL","name":"Expression"}},{"type":"FIELD","name":"_rparen","content":{"type":"SYMBOL","name":"IfStatement__rparen"}},{"type":"FIELD","name":"_lbrace","content":{"type":"SYMBOL","name":"IfStatement__lbrace"}},{"type":"FIELD","name":"statement","content":{"type":"SYMBOL","name":"Statement"}},{"type":"FIELD","name":"_rbrace","content":{"type":"SYMBOL","name":"IfStatement__rbrace"}},{"type":"CHOICE","members":[{"type":"BLANK"},{"type":"FIELD","name":"if_statement_inner","content":{"type":"SYMBOL","name":"IfStatementElse"}}]}]}},"IfStatementElse__else":{"type":"STRING","value":"else"},"IfStatementElse__lbrace":{"type":"STRING","value":"{"},"IfStatementElse__rbrace":{"type":"STRING","value":"}"},"IfStatementElse":{"type":"SEQ","members":[{"type":"FIELD","name":"_else","content":{"type":"SYMBOL","name":"IfStatementElse__else"}},{"type":"FIELD","name":"_lbrace","content":{"type":"SYMBOL","name":"IfStatementElse__lbrace"}},{"type":"FIELD","name":"statement","content":{"type":"SYMBOL","name":"Statement"}},{"type":"FIELD","name":"_rbrace","content":{"type":"SYMBOL","name":"IfStatementElse__rbrace"}}]},"Identifier_0":{"type":"PATTERN","value":"[a-zA-Z_][a-zA-Z0-9_]*"},"Identifier":{"type":"SEQ","members":[{"type":"FIELD","name":"0","content":{"type":"SYMBOL","name":"Identifier_0"}}]},"Number_0":{"type":"PATTERN","value":"\\d+"},"Number":{"type":"SEQ","members":[{"type":"FIELD","name":"0","content":{"type":"SYMBOL","name":"Number_0"}}]}},"extras":[]}
