---
source: macro/src/lib.rs
expression: "rustfmt_code(&expand_grammar(parse_quote! {\n                            #[rust_sitter :: grammar(\"test\")] mod grammar\n                            {\n                                #[rust_sitter :: language] pub enum Expression\n                                {\n                                    Number(#[rust_sitter ::\n                                    leaf(pattern = r\"\\d+\", transform = | v |\n                                    v.parse().unwrap())] i32,),\n                                } #[rust_sitter :: extra] struct Whitespace\n                                {\n                                    #[rust_sitter :: leaf(pattern = r\"\\s\")] _whitespace : (),\n                                }\n                            }\n                        }).to_token_stream().to_string())"
---
mod grammar {
    pub enum Expression {
        Number(i32),
    }
    impl rust_sitter::Extract for Expression {
        #[allow(non_snake_case)]
        fn extract(node: Option<rust_sitter::Node>, source: &[u8]) -> Self {
            let node = node.unwrap();
            #[allow(non_snake_case)]
            #[allow(clippy::unused_unit)]
            fn extract_Expression_Number_0(node: Option<rust_sitter::Node>, source: &[u8]) -> i32 {
                fn make_transform() -> impl Fn(&str) -> i32 {
                    |v| v.parse().unwrap()
                }
                make_transform()(node.and_then(|n| n.utf8_text(source).ok()).unwrap())
            }
            #[allow(non_snake_case)]
            fn extract_Expression_Number(node: rust_sitter::Node, source: &[u8]) -> Expression {
                Expression::Number(extract_Expression_Number_0(
                    node.child_by_field_name("0"),
                    source,
                ))
            }
            match node.child(0).unwrap().kind() {
                "Expression_Number" => extract_Expression_Number(node.child(0).unwrap(), source),
                _ => panic!(),
            }
        }
    }
    struct Whitespace {
        _whitespace: (),
    }
    impl rust_sitter::Extract for Whitespace {
        #[allow(non_snake_case)]
        fn extract(node: Option<rust_sitter::Node>, source: &[u8]) -> Self {
            let node = node.unwrap();
            #[allow(non_snake_case)]
            #[allow(clippy::unused_unit)]
            fn extract_Whitespace__whitespace(
                node: Option<rust_sitter::Node>,
                source: &[u8],
            ) -> () {
                rust_sitter::Extract::extract(node, source)
            }
            #[allow(non_snake_case)]
            fn extract_Whitespace(node: rust_sitter::Node, source: &[u8]) -> Whitespace {
                Whitespace {
                    _whitespace: extract_Whitespace__whitespace(
                        node.child_by_field_name("_whitespace"),
                        source,
                    ),
                }
            }
            extract_Whitespace(node, source)
        }
    }
    extern "C" {
        fn tree_sitter_test() -> rust_sitter::Language;
    }
    fn language() -> rust_sitter::Language {
        unsafe { tree_sitter_test() }
    }
    pub fn parse(
        input: &str,
    ) -> core::result::Result<Expression, Vec<rust_sitter::errors::ParseError>> {
        let mut parser = rust_sitter::Parser::new();
        parser.set_language(language()).unwrap();
        let tree = parser.parse(input, None).unwrap();
        let root_node = tree.root_node();
        if root_node.has_error() {
            let mut errors = vec![];
            rust_sitter::errors::collect_parsing_errors(&root_node, &mut errors);
            Err(errors)
        } else {
            use rust_sitter::Extract;
            Ok(rust_sitter::Extract::extract(
                Some(root_node),
                input.as_bytes(),
            ))
        }
    }
}

