---
source: macro/src/lib.rs
expression: "rustfmt_code(&expand_grammar(parse_quote! {\n                            #[rust_sitter :: grammar(\"test\")] mod grammar\n                            {\n                                #[rust_sitter :: language] pub struct Language\n                                { e : Expression, } pub enum Expression\n                                {\n                                    Number(#[rust_sitter ::\n                                    leaf(pattern = r\"\\d+\", transform = | v : & str | v.parse ::\n                                    < i32 > ().unwrap())] i32),\n                                }\n                            }\n                        }).to_token_stream().to_string())"
---
mod grammar {
    pub struct Language {
        e: Expression,
    }
    impl rust_sitter::Extract for Language {
        #[allow(non_snake_case)]
        fn extract(node: Option<rust_sitter::Node>, source: &[u8], last_idx: usize) -> Self {
            let node = node.unwrap();
            #[allow(non_snake_case)]
            #[allow(clippy::unused_unit)]
            fn extract_Language_e(
                cursor_opt: &mut Option<rust_sitter::TreeCursor>,
                source: &[u8],
                last_idx: &mut usize,
            ) -> Expression {
                if let Some(cursor) = cursor_opt.as_mut() {
                    loop {
                        let n = cursor.node();
                        if let Some(name) = cursor.field_name() {
                            if name == "e" {
                                let node: Option<rust_sitter::Node> = Some(n);
                                let out = rust_sitter::Extract::extract(node, source, *last_idx);
                                if !cursor.goto_next_sibling() {
                                    *cursor_opt = None;
                                };
                                *last_idx = n.end_byte();
                                return out;
                            } else {
                                let node: Option<rust_sitter::Node> = None;
                                return rust_sitter::Extract::extract(node, source, *last_idx);
                            }
                        } else {
                            *last_idx = n.end_byte();
                        }
                        if !cursor.goto_next_sibling() {
                            let node: Option<rust_sitter::Node> = None;
                            return rust_sitter::Extract::extract(node, source, *last_idx);
                        }
                    }
                } else {
                    let node: Option<rust_sitter::Node> = None;
                    return rust_sitter::Extract::extract(node, source, *last_idx);
                }
            }
            #[allow(non_snake_case)]
            fn extract_Language(node: rust_sitter::Node, source: &[u8]) -> Language {
                let mut last_idx = node.start_byte();
                let mut parent_cursor = node.walk();
                let mut cursor = if parent_cursor.goto_first_child() {
                    Some(parent_cursor)
                } else {
                    None
                };
                Language {
                    e: extract_Language_e(&mut cursor, source, &mut last_idx),
                }
            }
            extract_Language(node, source)
        }
    }
    pub enum Expression {
        Number(i32),
    }
    impl rust_sitter::Extract for Expression {
        #[allow(non_snake_case)]
        fn extract(node: Option<rust_sitter::Node>, source: &[u8], last_idx: usize) -> Self {
            let node = node.unwrap();
            #[allow(non_snake_case)]
            #[allow(clippy::unused_unit)]
            fn extract_Expression_Number_0(
                cursor_opt: &mut Option<rust_sitter::TreeCursor>,
                source: &[u8],
                last_idx: &mut usize,
            ) -> i32 {
                fn make_transform() -> impl Fn(&str) -> i32 {
                    |v: &str| v.parse::<i32>().unwrap()
                }
                if let Some(cursor) = cursor_opt.as_mut() {
                    loop {
                        let n = cursor.node();
                        if let Some(name) = cursor.field_name() {
                            if name == "0" {
                                let node: Option<rust_sitter::Node> = Some(n);
                                let out = make_transform()(
                                    node.and_then(|n| n.utf8_text(source).ok()).unwrap(),
                                );
                                if !cursor.goto_next_sibling() {
                                    *cursor_opt = None;
                                };
                                *last_idx = n.end_byte();
                                return out;
                            } else {
                                let node: Option<rust_sitter::Node> = None;
                                return make_transform()(
                                    node.and_then(|n| n.utf8_text(source).ok()).unwrap(),
                                );
                            }
                        } else {
                            *last_idx = n.end_byte();
                        }
                        if !cursor.goto_next_sibling() {
                            let node: Option<rust_sitter::Node> = None;
                            return make_transform()(
                                node.and_then(|n| n.utf8_text(source).ok()).unwrap(),
                            );
                        }
                    }
                } else {
                    let node: Option<rust_sitter::Node> = None;
                    return make_transform()(node.and_then(|n| n.utf8_text(source).ok()).unwrap());
                }
            }
            #[allow(non_snake_case)]
            fn extract_Expression_Number(node: rust_sitter::Node, source: &[u8]) -> Expression {
                let mut last_idx = node.start_byte();
                let mut parent_cursor = node.walk();
                let mut cursor = if parent_cursor.goto_first_child() {
                    Some(parent_cursor)
                } else {
                    None
                };
                Expression::Number(extract_Expression_Number_0(
                    &mut cursor,
                    source,
                    &mut last_idx,
                ))
            }
            match node.child(0).unwrap().kind() {
                "Expression_Number" => extract_Expression_Number(node.child(0).unwrap(), source),
                _ => panic!(),
            }
        }
    }
    extern "C" {
        fn tree_sitter_test() -> rust_sitter::Language;
    }
    fn language() -> rust_sitter::Language {
        unsafe { tree_sitter_test() }
    }
    pub fn parse(
        input: &str,
    ) -> core::result::Result<Language, Vec<rust_sitter::errors::ParseError>> {
        let mut parser = rust_sitter::Parser::new();
        parser.set_language(language()).unwrap();
        let tree = parser.parse(input, None).unwrap();
        let root_node = tree.root_node();
        if root_node.has_error() {
            let mut errors = vec![];
            rust_sitter::errors::collect_parsing_errors(&root_node, &mut errors);
            Err(errors)
        } else {
            use rust_sitter::Extract;
            Ok(rust_sitter::Extract::extract(
                Some(root_node),
                input.as_bytes(),
                0,
            ))
        }
    }
}

